
  .   ____          _            __ _ _
 /\\ / ___'_ __ _ _(_)_ __  __ _ \ \ \ \
( ( )\___ | '_ | '_| | '_ \/ _` | \ \ \ \
 \\/  ___)| |_)| | | | | || (_| |  ) ) ) )
  '  |____| .__|_| |_|_| |_\__, | / / / /
 =========|_|==============|___/=/_/_/_/

 :: Spring Boot ::                (v4.0.7)

2026-08-18T15:49:27.897+09:00  INFO 20436 --- [pos-sync-service] [           main] c.z.p.PosSyncServiceApplication          : Starting PosSyncServiceApplication v0.0.1-SNAPSHOT using Java 17.0.16 with PID 20436 (C:\Users\baikj\Desktop\zeropick-omni\pos-sync-service\target\pos-sync-service-0.0.1-SNAPSHOT.jar started by baikj in C:\Users\baikj\Desktop\zeropick-omni\pos-sync-service)
2026-08-18T15:49:27.911+09:00  INFO 20436 --- [pos-sync-service] [           main] c.z.p.PosSyncServiceApplication          : No active profile set, falling back to 1 default profile: "default"
2026-08-18T15:49:28.019+09:00  INFO 20436 --- [pos-sync-service] [           main] o.s.c.c.c.ConfigServerConfigDataLoader   : Fetching config from server at : http://localhost:8888
2026-08-18T15:49:28.020+09:00  INFO 20436 --- [pos-sync-service] [           main] o.s.c.c.c.ConfigServerConfigDataLoader   : Located environment: name=pos-sync-service, profiles=[default], label=null, version=null, state=null
2026-08-18T15:49:30.732+09:00  INFO 20436 --- [pos-sync-service] [           main] o.s.cloud.context.scope.GenericScope     : BeanFactory id=df2cefff-497d-3db8-ae09-b716d1961b99
2026-08-18T15:49:32.940+09:00  INFO 20436 --- [pos-sync-service] [           main] o.s.boot.tomcat.TomcatWebServer          : Tomcat initialized with port 8086 (http)
2026-08-18T15:49:33.022+09:00  INFO 20436 --- [pos-sync-service] [           main] o.apache.catalina.core.StandardService   : Starting service [Tomcat]
2026-08-18T15:49:33.023+09:00  INFO 20436 --- [pos-sync-service] [           main] o.apache.catalina.core.StandardEngine    : Starting Servlet engine: [Apache Tomcat/11.0.22]
2026-08-18T15:49:33.127+09:00  INFO 20436 --- [pos-sync-service] [           main] b.w.c.s.WebApplicationContextInitializer : Root WebApplicationContext: initialization completed in 5094 ms
2026-08-18T15:49:35.374+09:00  INFO 20436 --- [pos-sync-service] [           main] o.s.c.openfeign.FeignClientFactoryBean   : For 'stock-service' URL not provided. Will try picking an instance via load-balancing.
2026-08-18T15:49:37.655+09:00  INFO 20436 --- [pos-sync-service] [           main] DiscoveryClientOptionalArgsConfiguration : Eureka HTTP Client uses RestClient.
2026-08-18T15:49:37.723+09:00  WARN 20436 --- [pos-sync-service] [           main] iguration$LoadBalancerCaffeineWarnLogger : Spring Cloud LoadBalancer is currently working with the default cache. While this cache implementation is useful for development and tests, it's recommended to use Caffeine cache in production.You can switch to using Caffeine cache, by adding it and org.springframework.cache.caffeine.CaffeineCacheManager to the classpath.
2026-08-18T15:49:37.742+09:00  INFO 20436 --- [pos-sync-service] [           main] o.s.b.a.e.web.EndpointLinksResolver      : Exposing 3 endpoints beneath base path '/actuator'
2026-08-18T15:49:37.951+09:00  INFO 20436 --- [pos-sync-service] [           main] o.s.c.n.eureka.InstanceInfoFactory       : Setting initial instance status as: STARTING
2026-08-18T15:49:38.008+09:00  INFO 20436 --- [pos-sync-service] [           main] com.netflix.discovery.DiscoveryClient    : Initializing Eureka in region us-east-1
2026-08-18T15:49:38.016+09:00  INFO 20436 --- [pos-sync-service] [           main] c.n.d.s.r.aws.ConfigClusterResolver      : Resolving eureka endpoints via configuration
2026-08-18T15:49:38.031+09:00  INFO 20436 --- [pos-sync-service] [           main] com.netflix.discovery.DiscoveryClient    : Disable delta property : false
2026-08-18T15:49:38.031+09:00  INFO 20436 --- [pos-sync-service] [           main] com.netflix.discovery.DiscoveryClient    : Single vip registry refresh property : null
2026-08-18T15:49:38.031+09:00  INFO 20436 --- [pos-sync-service] [           main] com.netflix.discovery.DiscoveryClient    : Force full registry fetch : false
2026-08-18T15:49:38.031+09:00  INFO 20436 --- [pos-sync-service] [           main] com.netflix.discovery.DiscoveryClient    : Application is null : false
2026-08-18T15:49:38.031+09:00  INFO 20436 --- [pos-sync-service] [           main] com.netflix.discovery.DiscoveryClient    : Registered Applications size is zero : true
2026-08-18T15:49:38.031+09:00  INFO 20436 --- [pos-sync-service] [           main] com.netflix.discovery.DiscoveryClient    : Application version is -1: true
2026-08-18T15:49:38.031+09:00  INFO 20436 --- [pos-sync-service] [           main] com.netflix.discovery.DiscoveryClient    : Getting all instance registry info from the eureka server
2026-08-18T15:49:38.835+09:00  INFO 20436 --- [pos-sync-service] [           main] com.netflix.discovery.DiscoveryClient    : The response status is 200
2026-08-18T15:49:38.838+09:00  INFO 20436 --- [pos-sync-service] [           main] com.netflix.discovery.DiscoveryClient    : Starting heartbeat executor: renew interval is: 30
2026-08-18T15:49:38.841+09:00  INFO 20436 --- [pos-sync-service] [           main] c.n.discovery.InstanceInfoReplicator     : InstanceInfoReplicator onDemand update allowed rate per min is 4
2026-08-18T15:49:38.842+09:00  INFO 20436 --- [pos-sync-service] [           main] com.netflix.discovery.DiscoveryClient    : Discovery Client initialized at timestamp 1787035778842 with initial instances count: 7
2026-08-18T15:49:38.846+09:00  INFO 20436 --- [pos-sync-service] [           main] o.s.c.n.e.s.EurekaServiceRegistry        : Registering application POS-SYNC-SERVICE with eureka with status UP
2026-08-18T15:49:38.847+09:00  INFO 20436 --- [pos-sync-service] [           main] com.netflix.discovery.DiscoveryClient    : Saw local status change event StatusChangeEvent [timestamp=1787035778847, current=UP, previous=STARTING]
2026-08-18T15:49:38.849+09:00  INFO 20436 --- [pos-sync-service] [foReplicator-%d] com.netflix.discovery.DiscoveryClient    : DiscoveryClient_POS-SYNC-SERVICE/pos-sync-service:8086: registering service...
2026-08-18T15:49:38.889+09:00  INFO 20436 --- [pos-sync-service] [           main] o.s.boot.tomcat.TomcatWebServer          : Tomcat started on port 8086 (http) with context path '/'
2026-08-18T15:49:38.890+09:00  INFO 20436 --- [pos-sync-service] [           main] .s.c.n.e.s.EurekaAutoServiceRegistration : Updating port to 8086
2026-08-18T15:49:38.942+09:00  INFO 20436 --- [pos-sync-service] [foReplicator-%d] com.netflix.discovery.DiscoveryClient    : DiscoveryClient_POS-SYNC-SERVICE/pos-sync-service:8086 - registration status: 204
2026-08-18T15:49:39.948+09:00  INFO 20436 --- [pos-sync-service] [           main] c.z.p.PosSyncServiceApplication          : Started PosSyncServiceApplication in 15.485 seconds (process running for 16.614)
2026-08-18T15:49:40.333+09:00  INFO 20436 --- [pos-sync-service] [         task-1] o.a.kafka.common.config.AbstractConfig   : ConsumerConfig values: 
	allow.auto.create.topics = true
	auto.commit.interval.ms = 5000
	auto.offset.reset = earliest
	bootstrap.servers = [localhost:9092]
	check.crcs = true
	client.dns.lookup = use_all_dns_ips
	client.id = consumer-pos-sync-service-1
	client.rack = 
	connections.max.idle.ms = 540000
	default.api.timeout.ms = 60000
	enable.auto.commit = false
	enable.metrics.push = true
	exclude.internal.topics = true
	fetch.max.bytes = 52428800
	fetch.max.wait.ms = 500
	fetch.min.bytes = 1
	group.id = pos-sync-service
	group.instance.id = null
	group.protocol = classic
	group.remote.assignor = null
	heartbeat.interval.ms = 3000
	interceptor.classes = []
	internal.leave.group.on.close = true
	internal.throw.on.fetch.stable.offset.unsupported = false
	isolation.level = read_uncommitted
	key.deserializer = class org.springframework.kafka.support.serializer.ErrorHandlingDeserializer
	max.partition.fetch.bytes = 1048576
	max.poll.interval.ms = 300000
	max.poll.records = 500
	metadata.max.age.ms = 300000
	metadata.recovery.rebootstrap.trigger.ms = 300000
	metadata.recovery.strategy = rebootstrap
	metric.reporters = [org.apache.kafka.common.metrics.JmxReporter]
	metrics.num.samples = 2
	metrics.recording.level = INFO
	metrics.sample.window.ms = 30000
	partition.assignment.strategy = [class org.apache.kafka.clients.consumer.RangeAssignor, class org.apache.kafka.clients.consumer.CooperativeStickyAssignor]
	receive.buffer.bytes = 65536
	reconnect.backoff.max.ms = 1000
	reconnect.backoff.ms = 50
	request.timeout.ms = 30000
	retry.backoff.max.ms = 1000
	retry.backoff.ms = 100
	sasl.client.callback.handler.class = null
	sasl.jaas.config = null
	sasl.kerberos.kinit.cmd = /usr/bin/kinit
	sasl.kerberos.min.time.before.relogin = 60000
	sasl.kerberos.service.name = null
	sasl.kerberos.ticket.renew.jitter = 0.05
	sasl.kerberos.ticket.renew.window.factor = 0.8
	sasl.login.callback.handler.class = null
	sasl.login.class = null
	sasl.login.connect.timeout.ms = null
	sasl.login.read.timeout.ms = null
	sasl.login.refresh.buffer.seconds = 300
	sasl.login.refresh.min.period.seconds = 60
	sasl.login.refresh.window.factor = 0.8
	sasl.login.refresh.window.jitter = 0.05
	sasl.login.retry.backoff.max.ms = 10000
	sasl.login.retry.backoff.ms = 100
	sasl.mechanism = GSSAPI
	sasl.oauthbearer.assertion.algorithm = RS256
	sasl.oauthbearer.assertion.claim.aud = null
	sasl.oauthbearer.assertion.claim.exp.seconds = 300
	sasl.oauthbearer.assertion.claim.iss = null
	sasl.oauthbearer.assertion.claim.jti.include = false
	sasl.oauthbearer.assertion.claim.nbf.seconds = 60
	sasl.oauthbearer.assertion.claim.sub = null
	sasl.oauthbearer.assertion.file = null
	sasl.oauthbearer.assertion.private.key.file = null
	sasl.oauthbearer.assertion.private.key.passphrase = null
	sasl.oauthbearer.assertion.template.file = null
	sasl.oauthbearer.client.credentials.client.id = null
	sasl.oauthbearer.client.credentials.client.secret = null
	sasl.oauthbearer.clock.skew.seconds = 30
	sasl.oauthbearer.expected.audience = null
	sasl.oauthbearer.expected.issuer = null
	sasl.oauthbearer.header.urlencode = false
	sasl.oauthbearer.jwks.endpoint.refresh.ms = 3600000
	sasl.oauthbearer.jwks.endpoint.retry.backoff.max.ms = 10000
	sasl.oauthbearer.jwks.endpoint.retry.backoff.ms = 100
	sasl.oauthbearer.jwks.endpoint.url = null
	sasl.oauthbearer.jwt.retriever.class = class org.apache.kafka.common.security.oauthbearer.DefaultJwtRetriever
	sasl.oauthbearer.jwt.validator.class = class org.apache.kafka.common.security.oauthbearer.DefaultJwtValidator
	sasl.oauthbearer.scope = null
	sasl.oauthbearer.scope.claim.name = scope
	sasl.oauthbearer.sub.claim.name = sub
	sasl.oauthbearer.token.endpoint.url = null
	security.protocol = PLAINTEXT
	security.providers = null
	send.buffer.bytes = 131072
	session.timeout.ms = 45000
	share.acknowledgement.mode = implicit
	socket.connection.setup.timeout.max.ms = 30000
	socket.connection.setup.timeout.ms = 10000
	ssl.cipher.suites = null
	ssl.enabled.protocols = [TLSv1.2, TLSv1.3]
	ssl.endpoint.identification.algorithm = https
	ssl.engine.factory.class = null
	ssl.key.password = null
	ssl.keymanager.algorithm = SunX509
	ssl.keystore.certificate.chain = null
	ssl.keystore.key = null
	ssl.keystore.location = null
	ssl.keystore.password = null
	ssl.keystore.type = JKS
	ssl.protocol = TLSv1.3
	ssl.provider = null
	ssl.secure.random.implementation = null
	ssl.trustmanager.algorithm = PKIX
	ssl.truststore.certificates = null
	ssl.truststore.location = null
	ssl.truststore.password = null
	ssl.truststore.type = JKS
	value.deserializer = class org.springframework.kafka.support.serializer.ErrorHandlingDeserializer

2026-08-18T15:49:40.464+09:00  INFO 20436 --- [pos-sync-service] [         task-1] o.a.k.c.t.i.KafkaMetricsCollector        : initializing Kafka metrics collector
2026-08-18T15:49:40.575+09:00  INFO 20436 --- [pos-sync-service] [         task-1] o.a.kafka.common.config.AbstractConfig   : KafkaAvroDeserializerConfig values: 
	auto.register.schemas = true
	avro.reflection.allow.null = false
	avro.use.logical.type.converters = false
	basic.auth.credentials.source = URL
	basic.auth.user.info = [hidden]
	bearer.auth.cache.expiry.buffer.seconds = 300
	bearer.auth.client.id = null
	bearer.auth.client.secret = null
	bearer.auth.credentials.source = STATIC_TOKEN
	bearer.auth.custom.provider.class = null
	bearer.auth.identity.pool.id = null
	bearer.auth.issuer.endpoint.url = null
	bearer.auth.logical.cluster = null
	bearer.auth.scope = null
	bearer.auth.scope.claim.name = scope
	bearer.auth.sub.claim.name = sub
	bearer.auth.token = [hidden]
	context.name.strategy = class io.confluent.kafka.serializers.context.NullContextNameStrategy
	http.connect.timeout.ms = 60000
	http.read.timeout.ms = 60000
	id.compatibility.strict = true
	key.subject.name.strategy = class io.confluent.kafka.serializers.subject.TopicNameStrategy
	latest.cache.size = 1000
	latest.cache.ttl.sec = -1
	latest.compatibility.strict = true
	max.schemas.per.subject = 1000
	normalize.schemas = false
	proxy.host = 
	proxy.port = -1
	rule.actions = []
	rule.executors = []
	rule.service.loader.enable = true
	schema.format = null
	schema.reflection = false
	schema.registry.basic.auth.user.info = [hidden]
	schema.registry.ssl.cipher.suites = null
	schema.registry.ssl.enabled.protocols = [TLSv1.2, TLSv1.3]
	schema.registry.ssl.endpoint.identification.algorithm = https
	schema.registry.ssl.engine.factory.class = null
	schema.registry.ssl.key.password = null
	schema.registry.ssl.keymanager.algorithm = SunX509
	schema.registry.ssl.keystore.certificate.chain = null
	schema.registry.ssl.keystore.key = null
	schema.registry.ssl.keystore.location = null
	schema.registry.ssl.keystore.password = null
	schema.registry.ssl.keystore.type = JKS
	schema.registry.ssl.protocol = TLSv1.3
	schema.registry.ssl.provider = null
	schema.registry.ssl.secure.random.implementation = null
	schema.registry.ssl.trustmanager.algorithm = PKIX
	schema.registry.ssl.truststore.certificates = null
	schema.registry.ssl.truststore.location = null
	schema.registry.ssl.truststore.password = null
	schema.registry.ssl.truststore.type = JKS
	schema.registry.url = [http://localhost:8085]
	specific.avro.key.type = null
	specific.avro.reader = false
	specific.avro.value.type = null
	use.latest.version = false
	use.latest.with.metadata = null
	use.schema.id = -1
	value.subject.name.strategy = class io.confluent.kafka.serializers.subject.TopicNameStrategy

2026-08-18T15:49:40.838+09:00  INFO 20436 --- [pos-sync-service] [         task-1] o.a.kafka.common.config.AbstractConfig   : These configurations '[schema.registry.url, specific.avro.reader]' were supplied but are not used yet.
2026-08-18T15:49:40.842+09:00  INFO 20436 --- [pos-sync-service] [         task-1] o.a.kafka.common.utils.AppInfoParser     : Kafka version: 4.1.2
2026-08-18T15:49:40.843+09:00  INFO 20436 --- [pos-sync-service] [         task-1] o.a.kafka.common.utils.AppInfoParser     : Kafka commitId: c82fd9b934b4c1e6
2026-08-18T15:49:40.843+09:00  INFO 20436 --- [pos-sync-service] [         task-1] o.a.kafka.common.utils.AppInfoParser     : Kafka startTimeMs: 1787035780838
2026-08-18T15:49:40.866+09:00  INFO 20436 --- [pos-sync-service] [         task-1] o.a.k.c.c.i.ClassicKafkaConsumer         : [Consumer clientId=consumer-pos-sync-service-1, groupId=pos-sync-service] Subscribed to topic(s): zeropick.pos.pos.pos_stock
2026-08-18T15:49:40.891+09:00  INFO 20436 --- [pos-sync-service] [         task-1] o.a.kafka.common.config.AbstractConfig   : ConsumerConfig values: 
	allow.auto.create.topics = true
	auto.commit.interval.ms = 5000
	auto.offset.reset = earliest
	bootstrap.servers = [localhost:9092]
	check.crcs = true
	client.dns.lookup = use_all_dns_ips
	client.id = consumer-pos-sync-dlq-replayer-2
	client.rack = 
	connections.max.idle.ms = 540000
	default.api.timeout.ms = 60000
	enable.auto.commit = false
	enable.metrics.push = true
	exclude.internal.topics = true
	fetch.max.bytes = 52428800
	fetch.max.wait.ms = 500
	fetch.min.bytes = 1
	group.id = pos-sync-dlq-replayer
	group.instance.id = null
	group.protocol = classic
	group.remote.assignor = null
	heartbeat.interval.ms = 3000
	interceptor.classes = []
	internal.leave.group.on.close = true
	internal.throw.on.fetch.stable.offset.unsupported = false
	isolation.level = read_uncommitted
	key.deserializer = class org.apache.kafka.common.serialization.StringDeserializer
	max.partition.fetch.bytes = 1048576
	max.poll.interval.ms = 300000
	max.poll.records = 500
	metadata.max.age.ms = 300000
	metadata.recovery.rebootstrap.trigger.ms = 300000
	metadata.recovery.strategy = rebootstrap
	metric.reporters = [org.apache.kafka.common.metrics.JmxReporter]
	metrics.num.samples = 2
	metrics.recording.level = INFO
	metrics.sample.window.ms = 30000
	partition.assignment.strategy = [class org.apache.kafka.clients.consumer.RangeAssignor, class org.apache.kafka.clients.consumer.CooperativeStickyAssignor]
	receive.buffer.bytes = 65536
	reconnect.backoff.max.ms = 1000
	reconnect.backoff.ms = 50
	request.timeout.ms = 30000
	retry.backoff.max.ms = 1000
	retry.backoff.ms = 100
	sasl.client.callback.handler.class = null
	sasl.jaas.config = null
	sasl.kerberos.kinit.cmd = /usr/bin/kinit
	sasl.kerberos.min.time.before.relogin = 60000
	sasl.kerberos.service.name = null
	sasl.kerberos.ticket.renew.jitter = 0.05
	sasl.kerberos.ticket.renew.window.factor = 0.8
	sasl.login.callback.handler.class = null
	sasl.login.class = null
	sasl.login.connect.timeout.ms = null
	sasl.login.read.timeout.ms = null
	sasl.login.refresh.buffer.seconds = 300
	sasl.login.refresh.min.period.seconds = 60
	sasl.login.refresh.window.factor = 0.8
	sasl.login.refresh.window.jitter = 0.05
	sasl.login.retry.backoff.max.ms = 10000
	sasl.login.retry.backoff.ms = 100
	sasl.mechanism = GSSAPI
	sasl.oauthbearer.assertion.algorithm = RS256
	sasl.oauthbearer.assertion.claim.aud = null
	sasl.oauthbearer.assertion.claim.exp.seconds = 300
	sasl.oauthbearer.assertion.claim.iss = null
	sasl.oauthbearer.assertion.claim.jti.include = false
	sasl.oauthbearer.assertion.claim.nbf.seconds = 60
	sasl.oauthbearer.assertion.claim.sub = null
	sasl.oauthbearer.assertion.file = null
	sasl.oauthbearer.assertion.private.key.file = null
	sasl.oauthbearer.assertion.private.key.passphrase = null
	sasl.oauthbearer.assertion.template.file = null
	sasl.oauthbearer.client.credentials.client.id = null
	sasl.oauthbearer.client.credentials.client.secret = null
	sasl.oauthbearer.clock.skew.seconds = 30
	sasl.oauthbearer.expected.audience = null
	sasl.oauthbearer.expected.issuer = null
	sasl.oauthbearer.header.urlencode = false
	sasl.oauthbearer.jwks.endpoint.refresh.ms = 3600000
	sasl.oauthbearer.jwks.endpoint.retry.backoff.max.ms = 10000
	sasl.oauthbearer.jwks.endpoint.retry.backoff.ms = 100
	sasl.oauthbearer.jwks.endpoint.url = null
	sasl.oauthbearer.jwt.retriever.class = class org.apache.kafka.common.security.oauthbearer.DefaultJwtRetriever
	sasl.oauthbearer.jwt.validator.class = class org.apache.kafka.common.security.oauthbearer.DefaultJwtValidator
	sasl.oauthbearer.scope = null
	sasl.oauthbearer.scope.claim.name = scope
	sasl.oauthbearer.sub.claim.name = sub
	sasl.oauthbearer.token.endpoint.url = null
	security.protocol = PLAINTEXT
	security.providers = null
	send.buffer.bytes = 131072
	session.timeout.ms = 45000
	share.acknowledgement.mode = implicit
	socket.connection.setup.timeout.max.ms = 30000
	socket.connection.setup.timeout.ms = 10000
	ssl.cipher.suites = null
	ssl.enabled.protocols = [TLSv1.2, TLSv1.3]
	ssl.endpoint.identification.algorithm = https
	ssl.engine.factory.class = null
	ssl.key.password = null
	ssl.keymanager.algorithm = SunX509
	ssl.keystore.certificate.chain = null
	ssl.keystore.key = null
	ssl.keystore.location = null
	ssl.keystore.password = null
	ssl.keystore.type = JKS
	ssl.protocol = TLSv1.3
	ssl.provider = null
	ssl.secure.random.implementation = null
	ssl.trustmanager.algorithm = PKIX
	ssl.truststore.certificates = null
	ssl.truststore.location = null
	ssl.truststore.password = null
	ssl.truststore.type = JKS
	value.deserializer = class org.apache.kafka.common.serialization.StringDeserializer

2026-08-18T15:49:40.892+09:00  INFO 20436 --- [pos-sync-service] [         task-1] o.a.k.c.t.i.KafkaMetricsCollector        : initializing Kafka metrics collector
2026-08-18T15:49:40.928+09:00  INFO 20436 --- [pos-sync-service] [         task-1] o.a.kafka.common.utils.AppInfoParser     : Kafka version: 4.1.2
2026-08-18T15:49:40.928+09:00  INFO 20436 --- [pos-sync-service] [         task-1] o.a.kafka.common.utils.AppInfoParser     : Kafka commitId: c82fd9b934b4c1e6
2026-08-18T15:49:40.929+09:00  INFO 20436 --- [pos-sync-service] [         task-1] o.a.kafka.common.utils.AppInfoParser     : Kafka startTimeMs: 1787035780928
2026-08-18T15:49:40.931+09:00  INFO 20436 --- [pos-sync-service] [         task-1] o.a.k.c.c.i.ClassicKafkaConsumer         : [Consumer clientId=consumer-pos-sync-dlq-replayer-2, groupId=pos-sync-dlq-replayer] Subscribed to topic(s): zeropick.pos.dlq
2026-08-18T15:49:40.932+09:00  INFO 20436 --- [pos-sync-service] [         task-1] c.z.p.consumer.CdcListenerStarter        : [CDC 소비 시작] 재고 원장 준비 확인 (시도 1회)
2026-08-18T15:49:41.939+09:00  INFO 20436 --- [pos-sync-service] [   posCdc-0-C-1] org.apache.kafka.clients.Metadata        : [Consumer clientId=consumer-pos-sync-service-1, groupId=pos-sync-service] Cluster ID: b1VWL0QARWqwikKOEQC1Tw
2026-08-18T15:49:41.945+09:00  INFO 20436 --- [pos-sync-service] [   posCdc-0-C-1] o.a.k.c.c.internals.ConsumerCoordinator  : [Consumer clientId=consumer-pos-sync-service-1, groupId=pos-sync-service] Discovered group coordinator localhost:9092 (id: 2147483646 rack: null isFenced: false)
2026-08-18T15:49:41.946+09:00  WARN 20436 --- [pos-sync-service] [DlqReplay-0-C-1] org.apache.kafka.clients.NetworkClient   : [Consumer clientId=consumer-pos-sync-dlq-replayer-2, groupId=pos-sync-dlq-replayer] The metadata response from the cluster reported a recoverable issue with correlation id 3 : {zeropick.pos.dlq=LEADER_NOT_AVAILABLE}
2026-08-18T15:49:41.947+09:00  INFO 20436 --- [pos-sync-service] [DlqReplay-0-C-1] org.apache.kafka.clients.Metadata        : [Consumer clientId=consumer-pos-sync-dlq-replayer-2, groupId=pos-sync-dlq-replayer] Cluster ID: b1VWL0QARWqwikKOEQC1Tw
2026-08-18T15:49:41.947+09:00  INFO 20436 --- [pos-sync-service] [DlqReplay-0-C-1] o.a.k.c.c.internals.ConsumerCoordinator  : [Consumer clientId=consumer-pos-sync-dlq-replayer-2, groupId=pos-sync-dlq-replayer] Discovered group coordinator localhost:9092 (id: 2147483646 rack: null isFenced: false)
2026-08-18T15:49:41.951+09:00  INFO 20436 --- [pos-sync-service] [DlqReplay-0-C-1] o.a.k.c.c.internals.ConsumerCoordinator  : [Consumer clientId=consumer-pos-sync-dlq-replayer-2, groupId=pos-sync-dlq-replayer] (Re-)joining group
2026-08-18T15:49:41.951+09:00  INFO 20436 --- [pos-sync-service] [   posCdc-0-C-1] o.a.k.c.c.internals.ConsumerCoordinator  : [Consumer clientId=consumer-pos-sync-service-1, groupId=pos-sync-service] (Re-)joining group
2026-08-18T15:49:41.979+09:00  INFO 20436 --- [pos-sync-service] [   posCdc-0-C-1] o.a.k.c.c.internals.ConsumerCoordinator  : [Consumer clientId=consumer-pos-sync-service-1, groupId=pos-sync-service] Request joining group due to: need to re-join with the given member-id: consumer-pos-sync-service-1-4cfbdd24-88f1-4bf5-aec3-a95d2c0f1978
2026-08-18T15:49:41.979+09:00  INFO 20436 --- [pos-sync-service] [DlqReplay-0-C-1] o.a.k.c.c.internals.ConsumerCoordinator  : [Consumer clientId=consumer-pos-sync-dlq-replayer-2, groupId=pos-sync-dlq-replayer] Request joining group due to: need to re-join with the given member-id: consumer-pos-sync-dlq-replayer-2-21791450-8364-4942-8b1c-9636a73b2f6d
2026-08-18T15:49:41.980+09:00  INFO 20436 --- [pos-sync-service] [   posCdc-0-C-1] o.a.k.c.c.internals.ConsumerCoordinator  : [Consumer clientId=consumer-pos-sync-service-1, groupId=pos-sync-service] (Re-)joining group
2026-08-18T15:49:41.980+09:00  INFO 20436 --- [pos-sync-service] [DlqReplay-0-C-1] o.a.k.c.c.internals.ConsumerCoordinator  : [Consumer clientId=consumer-pos-sync-dlq-replayer-2, groupId=pos-sync-dlq-replayer] (Re-)joining group
2026-08-18T15:49:44.418+09:00  INFO 20436 --- [pos-sync-service] [nio-8086-exec-1] o.a.c.c.C.[Tomcat].[localhost].[/]       : Initializing Spring DispatcherServlet 'dispatcherServlet'
2026-08-18T15:49:44.422+09:00  INFO 20436 --- [pos-sync-service] [nio-8086-exec-1] o.s.web.servlet.DispatcherServlet        : Initializing Servlet 'dispatcherServlet'
2026-08-18T15:49:44.428+09:00  INFO 20436 --- [pos-sync-service] [nio-8086-exec-1] o.s.web.servlet.DispatcherServlet        : Completed initialization in 5 ms
2026-08-18T15:49:44.986+09:00  INFO 20436 --- [pos-sync-service] [   posCdc-0-C-1] o.a.k.c.c.internals.ConsumerCoordinator  : [Consumer clientId=consumer-pos-sync-service-1, groupId=pos-sync-service] Successfully joined group with generation Generation{generationId=1, memberId='consumer-pos-sync-service-1-4cfbdd24-88f1-4bf5-aec3-a95d2c0f1978', protocol='range'}
2026-08-18T15:49:44.986+09:00  INFO 20436 --- [pos-sync-service] [DlqReplay-0-C-1] o.a.k.c.c.internals.ConsumerCoordinator  : [Consumer clientId=consumer-pos-sync-dlq-replayer-2, groupId=pos-sync-dlq-replayer] Successfully joined group with generation Generation{generationId=1, memberId='consumer-pos-sync-dlq-replayer-2-21791450-8364-4942-8b1c-9636a73b2f6d', protocol='range'}
2026-08-18T15:49:44.999+09:00  INFO 20436 --- [pos-sync-service] [   posCdc-0-C-1] o.a.k.c.c.internals.ConsumerCoordinator  : [Consumer clientId=consumer-pos-sync-service-1, groupId=pos-sync-service] Finished assignment for group at generation 1: {consumer-pos-sync-service-1-4cfbdd24-88f1-4bf5-aec3-a95d2c0f1978=Assignment(partitions=[zeropick.pos.pos.pos_stock-0])}
2026-08-18T15:49:44.999+09:00  INFO 20436 --- [pos-sync-service] [DlqReplay-0-C-1] o.a.k.c.c.internals.ConsumerCoordinator  : [Consumer clientId=consumer-pos-sync-dlq-replayer-2, groupId=pos-sync-dlq-replayer] Finished assignment for group at generation 1: {consumer-pos-sync-dlq-replayer-2-21791450-8364-4942-8b1c-9636a73b2f6d=Assignment(partitions=[zeropick.pos.dlq-0])}
2026-08-18T15:49:45.014+09:00  INFO 20436 --- [pos-sync-service] [   posCdc-0-C-1] o.a.k.c.c.internals.ConsumerCoordinator  : [Consumer clientId=consumer-pos-sync-service-1, groupId=pos-sync-service] Successfully synced group in generation Generation{generationId=1, memberId='consumer-pos-sync-service-1-4cfbdd24-88f1-4bf5-aec3-a95d2c0f1978', protocol='range'}
2026-08-18T15:49:45.014+09:00  INFO 20436 --- [pos-sync-service] [DlqReplay-0-C-1] o.a.k.c.c.internals.ConsumerCoordinator  : [Consumer clientId=consumer-pos-sync-dlq-replayer-2, groupId=pos-sync-dlq-replayer] Successfully synced group in generation Generation{generationId=1, memberId='consumer-pos-sync-dlq-replayer-2-21791450-8364-4942-8b1c-9636a73b2f6d', protocol='range'}
2026-08-18T15:49:45.016+09:00  INFO 20436 --- [pos-sync-service] [DlqReplay-0-C-1] o.a.k.c.c.internals.ConsumerCoordinator  : [Consumer clientId=consumer-pos-sync-dlq-replayer-2, groupId=pos-sync-dlq-replayer] Notifying assignor about the new Assignment(partitions=[zeropick.pos.dlq-0])
2026-08-18T15:49:45.016+09:00  INFO 20436 --- [pos-sync-service] [   posCdc-0-C-1] o.a.k.c.c.internals.ConsumerCoordinator  : [Consumer clientId=consumer-pos-sync-service-1, groupId=pos-sync-service] Notifying assignor about the new Assignment(partitions=[zeropick.pos.pos.pos_stock-0])
2026-08-18T15:49:45.021+09:00  INFO 20436 --- [pos-sync-service] [   posCdc-0-C-1] k.c.c.i.ConsumerRebalanceListenerInvoker : [Consumer clientId=consumer-pos-sync-service-1, groupId=pos-sync-service] Adding newly assigned partitions: [zeropick.pos.pos.pos_stock-0]
2026-08-18T15:49:45.021+09:00  INFO 20436 --- [pos-sync-service] [DlqReplay-0-C-1] k.c.c.i.ConsumerRebalanceListenerInvoker : [Consumer clientId=consumer-pos-sync-dlq-replayer-2, groupId=pos-sync-dlq-replayer] Adding newly assigned partitions: [zeropick.pos.dlq-0]
2026-08-18T15:49:45.036+09:00  INFO 20436 --- [pos-sync-service] [   posCdc-0-C-1] o.a.k.c.c.internals.ConsumerCoordinator  : [Consumer clientId=consumer-pos-sync-service-1, groupId=pos-sync-service] Found no committed offset for partition zeropick.pos.pos.pos_stock-0
2026-08-18T15:49:45.048+09:00  INFO 20436 --- [pos-sync-service] [DlqReplay-0-C-1] o.a.k.c.c.internals.ConsumerCoordinator  : [Consumer clientId=consumer-pos-sync-dlq-replayer-2, groupId=pos-sync-dlq-replayer] Found no committed offset for partition zeropick.pos.dlq-0
2026-08-18T15:49:45.060+09:00  INFO 20436 --- [pos-sync-service] [DlqReplay-0-C-1] o.a.k.c.c.internals.SubscriptionState    : [Consumer clientId=consumer-pos-sync-dlq-replayer-2, groupId=pos-sync-dlq-replayer] Resetting offset for partition zeropick.pos.dlq-0 to position FetchPosition{offset=0, offsetEpoch=Optional.empty, currentLeader=LeaderAndEpoch{leader=Optional[localhost:9092 (id: 1 rack: null isFenced: false)], epoch=0}}.
2026-08-18T15:49:45.062+09:00  INFO 20436 --- [pos-sync-service] [DlqReplay-0-C-1] o.s.k.l.KafkaMessageListenerContainer    : pos-sync-dlq-replayer: partitions assigned: [zeropick.pos.dlq-0]
2026-08-18T15:49:45.077+09:00  INFO 20436 --- [pos-sync-service] [   posCdc-0-C-1] o.a.k.c.c.internals.SubscriptionState    : [Consumer clientId=consumer-pos-sync-service-1, groupId=pos-sync-service] Resetting offset for partition zeropick.pos.pos.pos_stock-0 to position FetchPosition{offset=0, offsetEpoch=Optional.empty, currentLeader=LeaderAndEpoch{leader=Optional[localhost:9092 (id: 1 rack: null isFenced: false)], epoch=0}}.
2026-08-18T15:49:45.079+09:00  INFO 20436 --- [pos-sync-service] [   posCdc-0-C-1] o.s.k.l.KafkaMessageListenerContainer    : pos-sync-service: partitions assigned: [zeropick.pos.pos.pos_stock-0]
2026-08-18T15:49:46.498+09:00  INFO 20436 --- [pos-sync-service] [   posCdc-0-C-1] c.z.p.consumer.PosStockCdcConsumer       : [POS 동기화] product=1 posStock=30 (op=r)
2026-08-18T15:49:46.511+09:00  INFO 20436 --- [pos-sync-service] [   posCdc-0-C-1] c.z.p.consumer.PosStockCdcConsumer       : [POS 동기화] product=2 posStock=25 (op=r)
2026-08-18T15:49:46.523+09:00  INFO 20436 --- [pos-sync-service] [   posCdc-0-C-1] c.z.p.consumer.PosStockCdcConsumer       : [POS 동기화] product=3 posStock=40 (op=r)
2026-08-18T15:49:46.571+09:00  INFO 20436 --- [pos-sync-service] [   posCdc-0-C-1] c.z.p.consumer.PosStockCdcConsumer       : [POS 동기화] product=4 posStock=12 (op=r)
2026-08-18T15:49:46.580+09:00  INFO 20436 --- [pos-sync-service] [   posCdc-0-C-1] c.z.p.consumer.PosStockCdcConsumer       : [POS 동기화] product=5 posStock=55 (op=r)
2026-08-18T15:49:46.658+09:00  INFO 20436 --- [pos-sync-service] [   posCdc-0-C-1] c.z.p.consumer.PosStockCdcConsumer       : [POS 동기화] product=3 posStock=225 (op=u)
