
> zeropick-frontend@0.1.0 dev
> vite


  [32m[1mVITE[22m v8.2.1[39m  [2mready in [0m[1m1818[22m[2m[0m ms[22m

  [32m➜[39m  [1mLocal[22m:   [36mhttp://localhost:[1m5173[22m/[39m
[2mPM 3:55:17[22m [33m[1m[vite][22m[39m [33m[2m(client)[22m[39m [2m[console.warn] [22m⚠️ React Router Future Flag Warning: React Router will begin wrapping state updates in `React.startTransition` in v7. You can use the `v7_startTransition` future flag to opt-in early. For more information, see https://reactrouter.com/v6/upgrading/future#v7_starttransition.
[2mPM 3:55:17[22m [33m[1m[vite][22m[39m [33m[2m(client)[22m[39m [2m[console.warn] [22m⚠️ React Router Future Flag Warning: Relative route resolution within Splat routes is changing in v7. You can use the `v7_relativeSplatPath` future flag to opt-in early. For more information, see https://reactrouter.com/v6/upgrading/future#v7_relativesplatpath.
[2mPM 3:55:44[22m [33m[1m[vite][22m[39m [33m[2m(client)[22m[39m [2m[console.warn] [22m⚠️ React Router Future Flag Warning: React Router will begin wrapping state updates in `React.startTransition` in v7. You can use the `v7_startTransition` future flag to opt-in early. For more information, see https://reactrouter.com/v6/upgrading/future#v7_starttransition.
[2mPM 3:55:44[22m [33m[1m[vite][22m[39m [33m[2m(client)[22m[39m [2m[console.warn] [22m⚠️ React Router Future Flag Warning: Relative route resolution within Splat routes is changing in v7. You can use the `v7_relativeSplatPath` future flag to opt-in early. For more information, see https://reactrouter.com/v6/upgrading/future#v7_relativesplatpath.
[2mPM 3:56:10[22m [33m[1m[vite][22m[39m [33m[2m(client)[22m[39m [2m[console.warn] [22m⚠️ React Router Future Flag Warning: React Router will begin wrapping state updates in `React.startTransition` in v7. You can use the `v7_startTransition` future flag to opt-in early. For more information, see https://reactrouter.com/v6/upgrading/future#v7_starttransition.
[2mPM 3:56:10[22m [33m[1m[vite][22m[39m [33m[2m(client)[22m[39m [2m[console.warn] [22m⚠️ React Router Future Flag Warning: Relative route resolution within Splat routes is changing in v7. You can use the `v7_relativeSplatPath` future flag to opt-in early. For more information, see https://reactrouter.com/v6/upgrading/future#v7_relativesplatpath.
[2mPM 4:08:07[22m [33m[1m[vite][22m[39m [33m[2m(client)[22m[39m [2m[console.warn] [22m⚠️ React Router Future Flag Warning: React Router will begin wrapping state updates in `React.startTransition` in v7. You can use the `v7_startTransition` future flag to opt-in early. For more information, see https://reactrouter.com/v6/upgrading/future#v7_starttransition.
[2mPM 4:08:07[22m [33m[1m[vite][22m[39m [33m[2m(client)[22m[39m [2m[console.warn] [22m⚠️ React Router Future Flag Warning: Relative route resolution within Splat routes is changing in v7. You can use the `v7_relativeSplatPath` future flag to opt-in early. For more information, see https://reactrouter.com/v6/upgrading/future#v7_relativesplatpath.
[2mPM 4:20:11[22m [33m[1m[vite][22m[39m [33m[2m(client)[22m[39m [2m[console.warn] [22m⚠️ React Router Future Flag Warning: React Router will begin wrapping state updates in `React.startTransition` in v7. You can use the `v7_startTransition` future flag to opt-in early. For more information, see https://reactrouter.com/v6/upgrading/future#v7_starttransition.
[2mPM 4:20:11[22m [33m[1m[vite][22m[39m [33m[2m(client)[22m[39m [2m[console.warn] [22m⚠️ React Router Future Flag Warning: Relative route resolution within Splat routes is changing in v7. You can use the `v7_relativeSplatPath` future flag to opt-in early. For more information, see https://reactrouter.com/v6/upgrading/future#v7_relativesplatpath.
[2mPM 4:20:23[22m [33m[1m[vite][22m[39m [33m[2m(client)[22m[39m [2m[console.warn] [22m⚠️ React Router Future Flag Warning: React Router will begin wrapping state updates in `React.startTransition` in v7. You can use the `v7_startTransition` future flag to opt-in early. For more information, see https://reactrouter.com/v6/upgrading/future#v7_starttransition.
[2mPM 4:20:23[22m [33m[1m[vite][22m[39m [33m[2m(client)[22m[39m [2m[console.warn] [22m⚠️ React Router Future Flag Warning: Relative route resolution within Splat routes is changing in v7. You can use the `v7_relativeSplatPath` future flag to opt-in early. For more information, see https://reactrouter.com/v6/upgrading/future#v7_relativesplatpath.
[2mPM 5:33:23[22m [36m[1m[vite][22m[39m [90m[2m(client)[22m[39m [32mhmr update [39m[2m/src/context/StoreContext.jsx, /src/pages/Shop.jsx, /src/pages/Cart.jsx, /src/pages/Admin.jsx, /src/components/ChatWidget.jsx, /src/pages/Orders.jsx, /src/components/CompareTray.jsx, /src/components/CheckoutModal.jsx, /src/components/AuthModal.jsx[22m
[2mPM 5:33:23[22m [36m[1m[vite][22m[39m [90m[2m(client)[22m[39m [33mhmr invalidate [39m[2m/src/context/StoreContext.jsx[22m Could not Fast Refresh ("useStore" export is incompatible). Learn more at https://github.com/vitejs/vite-plugin-react/tree/main/packages/plugin-react#consistent-components-exports
[2mPM 5:33:23[22m [36m[1m[vite][22m[39m [90m[2m(client)[22m[39m [32mpage reload [39m[2msrc/context/StoreContext.jsx[22m
[2mPM 5:33:24[22m [31m[1m[vite][22m[39m [31m[2m(client)[22m[39m [31m[Unhandled error] [1mTypeError[22m: Cannot destructure property 'mock' of 'useStore(...)' as it is null.
[39m > App src/App.jsx:16:10
 > renderWithHooks node_modules/react-dom/cjs/react-dom.development.js:15486:17
 > mountIndeterminateComponent node_modules/react-dom/cjs/react-dom.development.js:20103:12
 > beginWork node_modules/react-dom/cjs/react-dom.development.js:21626:15
 > HTMLUnknownElement.callCallback node_modules/react-dom/cjs/react-dom.development.js:4164:13
 > Object.invokeGuardedCallbackDev node_modules/react-dom/cjs/react-dom.development.js:4213:15
 > invokeGuardedCallback node_modules/react-dom/cjs/react-dom.development.js:4277:30
 > beginWork$1 node_modules/react-dom/cjs/react-dom.development.js:27490:6
 > performUnitOfWork node_modules/react-dom/cjs/react-dom.development.js:26596:11
 > workLoopSync node_modules/react-dom/cjs/react-dom.development.js:26505:4

[2mPM 5:33:24[22m [31m[1m[vite][22m[39m [31m[2m(client)[22m[39m [31m[Unhandled error] [1mTypeError[22m: Cannot destructure property 'mock' of 'useStore(...)' as it is null.
[39m > App src/App.jsx:16:10
 > renderWithHooks node_modules/react-dom/cjs/react-dom.development.js:15486:17
 > mountIndeterminateComponent node_modules/react-dom/cjs/react-dom.development.js:20103:12
 > beginWork node_modules/react-dom/cjs/react-dom.development.js:21626:15
 > HTMLUnknownElement.callCallback node_modules/react-dom/cjs/react-dom.development.js:4164:13
 > Object.invokeGuardedCallbackDev node_modules/react-dom/cjs/react-dom.development.js:4213:15
 > invokeGuardedCallback node_modules/react-dom/cjs/react-dom.development.js:4277:30
 > beginWork$1 node_modules/react-dom/cjs/react-dom.development.js:27490:6
 > performUnitOfWork node_modules/react-dom/cjs/react-dom.development.js:26596:11
 > workLoopSync node_modules/react-dom/cjs/react-dom.development.js:26505:4

[2mPM 5:33:24[22m [31m[1m[vite][22m[39m [31m[2m(client)[22m[39m [2m[console.error] [22mThe above error occurred in the <App> component:

    at App (http://localhost:5173/src/App.jsx:16:19)
    at StoreProvider (http://localhost:5173/src/context/StoreContext.jsx?t=1787042003575:14:33)
    at Router (http://localhost:5173/node_modules/.vite/deps/react-router-dom.js?v=20ee2fe8:3730:18)
    at BrowserRouter (http://localhost:5173/node_modules/.vite/deps/react-router-dom.js?v=20ee2fe8:4407:8)

Consider adding an error boundary to your tree to customize error handling behavior.
Visit https://reactjs.org/link/error-boundaries to learn more about error boundaries.
[2mPM 5:33:24[22m [31m[1m[vite][22m[39m [31m[2m(client)[22m[39m [31m[Unhandled rejection] [1mTypeError[22m: Cannot destructure property 'mock' of 'useStore(...)' as it is null.
[39m > App src/App.jsx:16:10
 > renderWithHooks node_modules/react-dom/cjs/react-dom.development.js:15486:17
 > mountIndeterminateComponent node_modules/react-dom/cjs/react-dom.development.js:20103:12
 > beginWork node_modules/react-dom/cjs/react-dom.development.js:21626:15
 > beginWork$1 node_modules/react-dom/cjs/react-dom.development.js:27465:13
 > performUnitOfWork node_modules/react-dom/cjs/react-dom.development.js:26596:11
 > workLoopSync node_modules/react-dom/cjs/react-dom.development.js:26505:4
 > renderRootSync node_modules/react-dom/cjs/react-dom.development.js:26473:6
 > recoverFromConcurrentError node_modules/react-dom/cjs/react-dom.development.js:25889:19
 > performSyncWorkOnRoot node_modules/react-dom/cjs/react-dom.development.js:26135:19

[2mPM 5:33:24[22m [31m[1m[vite][22m[39m [31m[2m(client)[22m[39m [31m[Unhandled error] [1mTypeError[22m: Cannot destructure property 'mock' of 'useStore(...)' as it is null.
[39m > App src/App.jsx:16:10
 > renderWithHooks node_modules/react-dom/cjs/react-dom.development.js:15486:17
 > mountIndeterminateComponent node_modules/react-dom/cjs/react-dom.development.js:20103:12
 > beginWork node_modules/react-dom/cjs/react-dom.development.js:21626:15
 > HTMLUnknownElement.callCallback node_modules/react-dom/cjs/react-dom.development.js:4164:13
 > Object.invokeGuardedCallbackDev node_modules/react-dom/cjs/react-dom.development.js:4213:15
 > invokeGuardedCallback node_modules/react-dom/cjs/react-dom.development.js:4277:30
 > beginWork$1 node_modules/react-dom/cjs/react-dom.development.js:27490:6
 > performUnitOfWork node_modules/react-dom/cjs/react-dom.development.js:26596:11
 > workLoopSync node_modules/react-dom/cjs/react-dom.development.js:26505:4

[2mPM 5:33:24[22m [31m[1m[vite][22m[39m [31m[2m(client)[22m[39m [31m[Unhandled error] [1mTypeError[22m: Cannot destructure property 'mock' of 'useStore(...)' as it is null.
[39m > App src/App.jsx:16:10
 > renderWithHooks node_modules/react-dom/cjs/react-dom.development.js:15486:17
 > mountIndeterminateComponent node_modules/react-dom/cjs/react-dom.development.js:20103:12
 > beginWork node_modules/react-dom/cjs/react-dom.development.js:21626:15
 > HTMLUnknownElement.callCallback node_modules/react-dom/cjs/react-dom.development.js:4164:13
 > Object.invokeGuardedCallbackDev node_modules/react-dom/cjs/react-dom.development.js:4213:15
 > invokeGuardedCallback node_modules/react-dom/cjs/react-dom.development.js:4277:30
 > beginWork$1 node_modules/react-dom/cjs/react-dom.development.js:27490:6
 > performUnitOfWork node_modules/react-dom/cjs/react-dom.development.js:26596:11
 > workLoopSync node_modules/react-dom/cjs/react-dom.development.js:26505:4

[2mPM 5:33:24[22m [31m[1m[vite][22m[39m [31m[2m(client)[22m[39m [2m[console.error] [22mThe above error occurred in the <App> component:

    at App (http://localhost:5173/src/App.jsx:16:19)
    at StoreProvider (http://localhost:5173/src/context/StoreContext.jsx?t=1787042003575:14:33)
    at Router (http://localhost:5173/node_modules/.vite/deps/react-router-dom.js?v=20ee2fe8:3730:18)
    at BrowserRouter (http://localhost:5173/node_modules/.vite/deps/react-router-dom.js?v=20ee2fe8:4407:8)

Consider adding an error boundary to your tree to customize error handling behavior.
Visit https://reactjs.org/link/error-boundaries to learn more about error boundaries.
[2mPM 5:33:24[22m [31m[1m[vite][22m[39m [31m[2m(client)[22m[39m [31m[Unhandled rejection] [1mTypeError[22m: Cannot destructure property 'mock' of 'useStore(...)' as it is null.
[39m > App src/App.jsx:16:10
 > renderWithHooks node_modules/react-dom/cjs/react-dom.development.js:15486:17
 > mountIndeterminateComponent node_modules/react-dom/cjs/react-dom.development.js:20103:12
 > beginWork node_modules/react-dom/cjs/react-dom.development.js:21626:15
 > beginWork$1 node_modules/react-dom/cjs/react-dom.development.js:27465:13
 > performUnitOfWork node_modules/react-dom/cjs/react-dom.development.js:26596:11
 > workLoopSync node_modules/react-dom/cjs/react-dom.development.js:26505:4
 > renderRootSync node_modules/react-dom/cjs/react-dom.development.js:26473:6
 > recoverFromConcurrentError node_modules/react-dom/cjs/react-dom.development.js:25889:19
 > performSyncWorkOnRoot node_modules/react-dom/cjs/react-dom.development.js:26135:19

[2mPM 5:33:25[22m [33m[1m[vite][22m[39m [33m[2m(client)[22m[39m [2m[console.warn] [22m⚠️ React Router Future Flag Warning: React Router will begin wrapping state updates in `React.startTransition` in v7. You can use the `v7_startTransition` future flag to opt-in early. For more information, see https://reactrouter.com/v6/upgrading/future#v7_starttransition.
[2mPM 5:33:25[22m [33m[1m[vite][22m[39m [33m[2m(client)[22m[39m [2m[console.warn] [22m⚠️ React Router Future Flag Warning: Relative route resolution within Splat routes is changing in v7. You can use the `v7_relativeSplatPath` future flag to opt-in early. For more information, see https://reactrouter.com/v6/upgrading/future#v7_relativesplatpath.
[2mPM 5:33:25[22m [33m[1m[vite][22m[39m [33m[2m(client)[22m[39m [2m[console.warn] [22m⚠️ React Router Future Flag Warning: React Router will begin wrapping state updates in `React.startTransition` in v7. You can use the `v7_startTransition` future flag to opt-in early. For more information, see https://reactrouter.com/v6/upgrading/future#v7_starttransition.
[2mPM 5:33:25[22m [33m[1m[vite][22m[39m [33m[2m(client)[22m[39m [2m[console.warn] [22m⚠️ React Router Future Flag Warning: Relative route resolution within Splat routes is changing in v7. You can use the `v7_relativeSplatPath` future flag to opt-in early. For more information, see https://reactrouter.com/v6/upgrading/future#v7_relativesplatpath.
[2mPM 5:33:34[22m [36m[1m[vite][22m[39m [90m[2m(client)[22m[39m [32mhmr update [39m[2m/src/pages/Admin.jsx[22m
[2mPM 5:33:41[22m [36m[1m[vite][22m[39m [90m[2m(client)[22m[39m [32mhmr update [39m[2m/src/pages/Admin.jsx[22m
